// Jest Snapshot v1, https://goo.gl/fbAQLP

exports[`API Requests getCountryByName should handle 404 error gracefully 1`] = `undefined`;
